// Jest Snapshot v1, https://goo.gl/fbAQLP

exports[`<EditDragonModal /> renders correctly 1`] = `<div />`;
