// Jest Snapshot v1, https://goo.gl/fbAQLP

exports[`<DragonsList /> renders correctly 1`] = `null`;
