// Jest Snapshot v1, https://goo.gl/fbAQLP

exports[`<AddDragonModal /> renders correctly 1`] = `<div />`;
