// Jest Snapshot v1, https://goo.gl/fbAQLP

exports[`<Header /> renders correctly 1`] = `
<div
  className="sc-AxjAm dhbSFx"
>
  <img
    alt="Dragalia Logo"
    className="logo"
    src="dragon-logo.png"
  />
  <h1>
    Welcome to Dragalia!
  </h1>
  <h3>
    Here you will find information about the most famous dragons in the world.
  </h3>
</div>
`;
